// Jest Snapshot v1, https://goo.gl/fbAQLP

exports[`<Input> rendering should renders correctly 1`] = `
<input
  className="input"
  onChange={[MockFunction]}
  onKeyUp={[MockFunction]}
  type="text"
/>
`;
