// Jest Snapshot v1, https://goo.gl/fbAQLP

exports[`<Button /> rendering renders correctly 1`] = `
<button
  className="button"
  onClick={[Function]}
  value="Search"
>
  Search
</button>
`;
