// Jest Snapshot v1, https://goo.gl/fbAQLP

exports[`<ShowMovieInfo/> rendering should renders correctly 1`] = `
<div
  className="movie-modal-container"
>
  <div
    className="movie-modal"
  >
    <div
      className="movie-modal-header"
    >
      <h1
        className="search-title"
      >
        Netflixroulette
      </h1>
      <button
        className="button"
        onClick={[Function]}
      >
        Search
      </button>
    </div>
    <div
      className="movie-content-container"
    >
      <img
        className="movie-image"
        src="URL"
      />
      <div
        className="movie-modal-info"
      >
        <div
          className="movie-content-container"
        >
          <h3
            className="movie-modal-title"
          >
            MovieName
          </h3>
          <p
            className="movie-rating"
          >
            9
          </p>
        </div>
        <p
          className="movie-genres"
        >
          Action Drama
        </p>
        <div
          className="movie-content-container"
        >
          <p
            className="movie-release"
          >
            2018
          </p>
          <p
            className="movie-runtime"
          >
            120
             min
          </p>
        </div>
        <p>
          Movie description
        </p>
      </div>
    </div>
  </div>
</div>
`;
